{"query":{"bool":{"must":[{"query_string":{"query":"*Contains*"}}]}},"from":10,"size":10}