{"create":{"_index":"accessor","_type":"accessor","_id":"One"}}
{"doc":{"Label":"Item One"}}
