{"query":{"bool":{"must":[{"query_string":{"query":"Exact*"}}]}},"from":10,"size":10}